0.0015611
0.00115821
0.000708313
0.00208257
0.00139318
0.00186345
0.000800008
0.00162471
0.000684022
0.00032101
0.00163909
0.000812745
0.000788545
0.00153697
0.00260494
0.000404306
0.000180039
0.000383401
0.00405891
0.000153232
0.000262238
0.00155715
0.000382969
0.00196434
0.00307542
0.00146044
0.000589256
0.000150938
0.00154923
0.000217632
0.00272069
0.000434752
0.000327252
0.000490455
0.000588583
0.00100796
0.00235243
0.00341895
0.00138181
0.000360391
0.000914675
0.000895882
0.00207238
0.00062889
0.000614401
0.000954061
0.00103017
0.00105772
0.00265145
0.00301013
0.00204682
0.000410733
0.00210702
0.000317535
0.000356652
0.000346072
0.000796507
0.000772178
0.00101397
0.00120542
0.00016382
0.000789163
0.00092736
0.0013366
0.000709869
0.00229113
0.000981471
0.000283849
0.00141497
5.2717e-05
0.000564084
0.00109327
0.0013204
0.00159431
0.00124643
0.00234679
0.000681435
0.000465742
0.00082679
0.00129292
0.000669335
3.58723e-05
0.000570532
0.00302081
0.0010013
0.000745975
0.000683779
0.000726918
0.00111545
0.00149976
0.00168294
0.0016458
0.000624139
0.00241522
0.0029174
0.00227418
0.00320728
0.00050188
0.00115601
0.0018322
0.00315857
0.000201386
0.000742336
0.00106922
0.00153516
0.00191934
0.000476987
0.00172694
0.00059064
0.00247831
0.00495779
0.0026539
6.80896e-05
0.0018072
0.00178051
0.00152786
0.00073718
0.00199425
0.000451539
0.0011069
0.00225601
0.00180716
0.000612341
0.000345651
0.000554877
0.00138109
0.000484313
0.00227452
0.00195046
0.000700181
0.0011545
0.000755108
0.000999204
0.00208587
0.00115421
0.00141024
0.00161462
0.00118617
0.00216075
0.00106846
0.000213025
0.000631942
0.00103398
0.00119939
0.00349353
0.000987909
0.00211819
0.00236897
0.000470113
0.00183781
0.000613573
0.00187478
0.000388212
0.0017601
0.003529
0.00545165
0.000907045
0.00211534
0.00235274
0.00166174
0.000446783
0.000536288
0.002247
0.000198093
0.00141488
0.0024051
0.00246054
0.00229036
0.000347386
0.00544845
0.0017305
0.0021954
0.00261491
0.00271635
0.000638981
0.000736145
0.000614169
0.00335262
0.000563927
0.00103266
0.00116168
0.00172564
0.00112227
0.00275133
0.00247981
0.00335565
0.00113812
0.00157157
0.000507557
0.00119461
0.00168378
0.00108032
0.00249743
0.00143166
0.00108214
0.00272074
0.00148635
0.000393175
0.000383951
0.00143703
0.00540643
0.000604212
0.00134828
0.0037757
0.00103478
0.00151137
0.0018477
3.1402e-05
0.00199328
0.00494961
0.000432323
0.000217119
0.00267469
0.00265834
0.00263083
0.000810496
0.000180552
0.00259011
0.000191799
0.000646804
0.000693972
0.00435301
0.00695611
0.00287029
0.00240592
0.00240256
0.00379589
0.000204452
0.00016483
0.0046072
0.00628904
0.000415534
0.00223003
0.00232213
0.00260838
0.00194462
0.00291071
0.000879787
0.00106549
0.000458494
0.00662671
0.00167315
0.00201172
0.00369409
0.00379222
0.00327559
0.00118068
0.00310225
0.0011652
0.00209367
0.00480969
0.00461543
0.00457787
0.00417848
0.00427897
0.00663172
0.00148805
0.0019962
0.00338364
0.00194683
0.00135282
6.75996e-05
0.00448035
0.00502498
0.00527061
0.00526322
0.00241882
0.00322371
0.00364498
0.000472667
0.00150279
0.00161857
0.000843457
0.00112365
0.0037682
0.0045779
0.0034139
0.00405773
0.0040697
0.00469814
0.00481442
0.00372562
0.00338776
0.000295685
0.000607325
0.000838252
0.00150244
0.000608081
0.00126461
0.0019372
0.00200318
0.00270974
0.00160928
0.00110008
0.00168647
0.00323102
0.00280216
0.00282444
0.00384438
0.000200936
0.000570657
0.00103552
2.88107e-05
0.0014543
0.00200534
0.00161008
0.00141855
0.00201455
0.00183378
0.00101143
0.00120429
0.00209867
0.000980529
6.2137e-05
0.000306617
0.000919294
6.40426e-05
0.00306327
0.00271244
0.00108441
0.000312165
0.00124143
0.00362268
0.000576424
0.000943819
0.00282537
0.000495494
0.00131098
0.00147336
0.00139806
0.00160913
0.00182178
0.00150009
0.000799121
0.00117275
0.00151974
0.00216844
0.00270423
0.000114373
0.000285931
0.000846536
0.0014131
0.00179301
0.00106198
0.00106383
0.00150483
0.000998738
0.00176337
0.00318712
0.0032054
8.99582e-05
0.0007378
0.000530799
0.000923168
0.00166404
0.00186754
0.00157362
0.00320148
0.00193754
0.000911051
1.11549e-05
0.00223858
0.00310686
0.0032593
0.00196741
0.0017205
0.00160454
0.00199345
0.00201947
0.0016525
0.00181528
0.00229107
0.00280529
0.0017257
0.000496161
0.00157353
0.00221835
0.00242655
0.000451528
0.0010966
0.000372818
0.00137377
0.00213865
0.00225848
0.000145642
0.00328004
0.00126497
0.00234794
0.00393031
0.00119446
0.000809518
0.00221898
0.00201251
0.00121893
0.00299749
0.00195162
0.000652521
0.000344851
0.00202987
0.00211376
0.00107864
0.000313433
0.000742069
0.000525102
0.00232213
0.0029199
0.00244079
0.00282076
0.00165102
0.000580501
0.00135413
0.00147046
0.00132866
0.00171002
0.00155929
0.00150184
0.0014671
0.001627
0.000632916
0.000267583
0.000130673
0.00296751
0.00234611
0.000803246
0.00185341
0.0019756
0.00178927
0.00272972
0.00143238
0.0018996
0.000171303
0.000698578
0.00176451
0.000402444
0.000229539
0.0028618
0.00410284
0.000243402
0.0018273
0.00157514
0.00285309
0.00222288
0.00185597
0.00132251
0.000797388
0.000342013
7.92127e-05
0.000896795
0.00244513
0.00319944
0.00313671
0.00186191
0.00208565
0.0016125
0.00212018
0.00347648
0.00378213
0.000810739
0.00232444
0.00201791
0.00210666
0.00186081
0.00145127
0.00165084
0.00135729
0.00162143
0.00109656
0.00199881
0.00221854
0.0016703
0.000239134
0.000840382
0.000400466
0.000903794
0.000877053
0.000903667
0.00178169
0.00213363
0.00221363
0.00261726
0.00180693
0.00108159
0.00125207
0.00234019
0.00398525
0.00173487
0.00288142
0.00196355
0.000820361
0.00186126
6.48827e-05
0.000238594
0.000156546
0.00138777
0.00280977
8.76551e-05
0.00183326
0.00245775
0.0009625
0.000900736
0.00217096
0.00217011
0.00165763
0.00184305
0.00175707
0.000312549
0.00127645
0.00213557
0.00210759
0.000791894
0.00018371
0.0008595
0.00071397
0.00242743
0.00115257
0.00398926
0.000848893
0.000154884
0.00183887
0.00100519
0.00200147
0.000202218
0.00157504
0.00159954
0.000743848
3.14982e-05
0.000432924
0.00144482
0.00239486
0.000461367
0.000332824
0.00225909
0.00150425
0.0019465
0.00053157
0.00163976
0.00162225
0.000745479
0.00145159
0.000756869
0.000658484
0.000641854
0.00100388
0.00149286
0.000399359
0.00177916
0.0004713
0.000589276
0.000740279
6.14072e-05
0.000227203
0.00285682
0.000633909
0.000461706
0.000210736
0.000179359
0.00232226
0.000505675
0.00111549
0.00101839
0.000981198
0.00354096
0.00212381
0.00103364
0.000668852
0.000574946
0.000323975
0.00116082
0.000633419
0.000693842
0.00091978
0.00140776
0.00156461
0.000956006
0.00108658
0.000517229
0.00179604
0.00109285
0.00101276
0.00102694
0.000155035
2.52731e-05
0.00165688
0.00137885
0.00113429
0.00113228
0.000896605
0.000515734
0.000759912
0.000119098
0.000745331
0.00372979
0.0018065
0.00152855
0.00103088
0.00174437
0.00198326
0.000974012
0.00156185
0.00123571
0.000700142
0.0015962
0.00053565
0.00155772
0.000882466
0.000848001
0.00179311
0.00216746
0.00141321
0.000837188
0.000487597
0.00158578
0.00264904
0.00119416
0.00034451
0.000646106
0.00253333
0.00147366
0.000904917
0.000387285
0.00205429
0.00212339
0.00224258
0.00195711
0.001576
0.000949738
0.00053375
0.00187493
0.00126733
0.000964978
0.000353445
0.000847423
0.00210809
0.00270264
0.00222815
0.00152594
0.000866332
0.000952652
0.00130577
0.000784125
0.000401825
0.00188513
0.00226835
0.000795928
0.0015369
0.00111818
0.00262322
0.000690591
0.000891026
0.00242437
0.00224331
0.00148066
0.00125668
0.000858642
0.00244181
0.000637429
0.0024243
0.00128093
0.000264417
0.00149938
0.000385022
0.00124084
0.00158986
0.00155005
0.000113449
0.00258953
0.00123235
0.000981164
0.00096158
3.51716e-09
0.0029125
0.00101252
0.00255489
0.00133329
0.00148651
0.00232221
0.00114807
0.00307076
0.00115323
0.00239913
0.00255979
0.00353152
0.00347668
0.00145502
0.00110208
0.00251713
0.00133492
5.2783e-05
0.0017177
0.00108165
0.00131677
0.00250972
0.00258843
0.00271036
0.000703927
0.0021833
0.000381028
0.00176296
0.00142094
0.000788354
0.000553586
0.00138963
0.00323618
0.00371525
0.00278423
0.0010845
0.00181432
0.000265385
0.00104988
0.00154567
0.00330136
0.00309255
0.00261506
0.00187611
0.00199013
0.00107918
0.00129643
0.00234423
0.00327354
0.00316233
0.00212653
0.00152986
0.00249068
0.00200054
0.00308823
0.00349196
0.0025161
0.00060925
0.00185321
0.0024473
0.000843565
0.000223939
0.00126192
0.000450991
0.00265174
0.00245841
0.00196495
0.00154225
0.00263654
0.00327557
0.00370031
0.00381588
0.00430071
0.004424
0.00269275
0.000857882
0.00124156
0.00133222
0.00363907
0.00432669
0.00220286
0.00197721
0.00201631
0.000321575
0.00247778
0.00176839
0.00123373
0.00396007
0.001605
0.00204458
0.00132988
0.00396361
0.000520565
0.000985714
0.00305539
0.0025271
0.00159858
0.00343059
0.00411211
0.00415252
0.00501096
0.00136065
0.00271447
0.0018687
0.00131623
0.00145171
0.00221181
0.00319787
0.000477759
0.000803755
0.00204542
0.00193637
0.0037471
0.00407247
0.00256829
0.00160682
0.000230186
0.00362707
0.00277094
0.00336531
0.00403465
0.00110856
0.00194163
0.00130192
0.00138947
0.000866305
0.00127966
0.00275836
0.0038139
0.00335526
0.000761604
0.000302492
0.0015856
0.000389033
0.000517443
0.000783643
0.00389242
0.00327787
0.00261064
0.00229476
0.00168501
0.00199372
0.00053409
0.00157072
0.000646033
0.00298056
0.00122626
0.00252014
0.00203955
0.00331759
0.00166897
0.00159694
0.00203161
0.00191899
0.00303236
0.000956201
0.00179115
0.000739244
0.00406195
0.000924742
0.00172446
0.00144554
8.98868e-05
0.000822683
0.00379066
0.00139732
0.00194014
0.00367817
0.00358476
0.00130364
0.00164236
0.00116235
0.00203313
0.0009211
0.00494997
0.00204055
0.00219246
0.00188006
0.00209699
0.00164695
0.00287229
0.00106326
0.00180659
0.00139303
0.00171711
0.00192923
0.00255948
0.000834147
0.00129799
0.0016698
0.00124355
0.00156348
0.000731103
0.00113438
0.00299799
0.0030851
0.000739729
0.001301
0.00141738
0.00153695
0.00167066
0.000645238
0.00086665
0.000972361
0.0011455
0.0013927
0.00151327
0.000298655
0.00110779
0.00117417
0.000717403
0.000852248
0.00177049
0.00258542
0.00086916
0.000355922
0.00136351
0.00227357
0.00117626
0.0012844
0.0094307
0.000550502
0.000594955
0.00168209
0.00117878
0.000618246
0.00142955
0.00193102
0.00122605
0.00184816
0.000712904
0.00120658
0.000708215
0.0012852
0.00138704
0.0015554
0.00147201
0.000910801
0.000309823
0.000725347
0.00160557
0.00157658
0.00226795
0.00128528
0.00184033
8.54534e-05
0.000865408
0.000726473
0.000371686
0.00076659
0.000148934
0.000226088
0.001237
0.000952338
0.000579109
0.00111321
0.0017682
0.000193328
0.00179962
0.000576268
0.000877748
0.00207937
0.000210693
0.00117412
0.000272083
0.00192926
0.000951269
0.00154469
2.60132e-05
0.000690418
0.00103487
0.000927442
0.00222548
0.000286166
0.00177041
0.000687608
0.000494322
0.0020809
4.83301e-05
0.000540435
0.000742906
0.000181661
0.000282062
0.00199776
0.00254848
0.000485675
0.00164105
2.14983e-09
0.0015044
0.000251687
0.00178982
0.000633311
0.000873743
0.00196972
1.27915e-05
0.00230688
1.06942e-05
0
1.45385e-05
0.00141369
0.000396157
0.00116378
0.000982361
0.00148737
0.000457661
0.00036144
0
1.76481e-09
0.0016465
9.02503e-05
0.00177629
0.000147249
2.94819e-09
0.000258959
0.00222618
0.000739933
0.000159845
0.000327471
0.00138433
0.00149072
0.000594606
0.00115456
2.99441e-09
0.00167901
0.000263458
0.0019239
0.00192275
0.0015034
0.00125044
0
0.00324931
0.000389991
0.00089565
0.00129272
0
0
0.00324517
0.00182497
0.00107618
0.00153686
0.00254516
0.000703887
0.00217389
0.00166215
0.00126541
0.0012815
0.000638015
0.000770444
0.00131012
1.19266e-09
8.29718e-11
0.00160509
0.00127669
0.00114766
0.00119695
0.0010551
0.000950985
0.00173169
0.000654766
0.00068599
0.000897953
0.000899508
0.000616238
0.00130953
0.00072582
0.000987763
0.00124635
0.000401895
0.00140534
0.001203
0.000620998
0.000468957
0.00170531
0.00149332
0.000170942
0.0029972
0.000967153
0.00111643
0.00126736
0.00126902
0.00126197
0.000778815
0.00262297
0.00027235
0.000317441
0.000660313
0.000579816
0.000296071
0.000419549
0.000947257
0.000493794
0.00116912
0.000694806
0.000611709
0.00143902
0.00113561
7.69655e-05
0.00101569
0.00125302
0.000825882
0.00137528
0.00158551
0.00299766
0.00167047
0.00093101
0.00115614
0.00103559
0.00114858
0.00327438
0.000545834
0.00100422
0.000167474
0.000118302
0.000370664
0.000790565
0.000739973
0.00028877
0.00125708
0.000806992
0.000827387
0.00117764
0.00143179
0.00119897
0.00275905
0.000690578
0.000824904
0.00183515
0.00191105
0.00119181
0.000144314
0.000663457
0.00189363
0.000931878
0.00112305
0.000416816
0.000593272
0.000401584
0.000342638
0.00371949
0.000478609
0.000951791
0.00027934
0.00117165
0.00170141
0.00375248
0.00108449
0.00128938
0.000494396
0.000631313
0.000940411
0.000364045
0.000797173
0.00184671
0.000745548
0.000475932
0.00172205
0.0016981
0.00259508
0.00197974
0.00172732
0.00195786
8.97263e-06
0.000497371
0.000904095
0.00155063
0.001187
0.0014814
0.00157237
0.00409279
0.00265758
0.000802332
6.15049e-05
0.00367905
0.000864625
0.000946799
0.000920882
0.000332936
0.00140615
0.000483378
0.00089691
0.00187777
0.00346665
0.0010905
0.000657673
0.00114429
0.00148257
0.00170076
0.00202679
0.00067641
0.00149168
0.00320428
0.000989325
0.00143824
0.000257701
0.000671458
0.00108749
0.00119398
0.00051277
0.00148917
0.00155576
0.000813322
0.000520233
0.000506877
0.000351496
0.000332983
0.000360652
0.000471629
0.000413629
0.0014881
0.00143135
0.000344798
0.00190006
0.000399697
0.000503722
0.00127546
0.000526688
0.00114632
0.00084162
2.32035e-05
0.000376255
0.00192611
0.000967635
0.000525189
0.00227896
0.00064135
0.000900689
0.00193884
0.000168468
0.00120836
0.000948319
0.000216561
0.00165885
0.000492175
0.000429179
0.00286278
0.00120733
0.000363966
3.68112e-06
0.0167857
0.0158747
0.00986727
0.000840574
0.00126481
0.00158507
0.0140966
0.0163926
0.016981
0.0108771
0.00453633
0.0133017
0.0155294
0.0133791
0.00793776
0.00176509
0.00166062
0.00162652
0.00365782
0.00929044
0.00842542
0.00930532
0.0119818
0.0137103
0.015558
0.00147821
0.0007414
0.00171212
0.00113873
0.0017753
0.0147131
0.0155564
0.00362896
0.00123547
0.00196136
0.00246564
0.00526746
0.00521441
0.0014931
0.00122551
0.000523355
0.00501465
0.00538853
0.000304666
0.00153551
0.00308937
0.000721901
0.000806786
0.00641415
0.00194742
0.000642966
0.00178766
0.00461755
0.000613024
0.00191224
0.000475068
0.00182955
0.00243905
0.000992248
0.000461853
0.00184217
0.000603574
0.000604932
0.00200365
0.00119432
0.000318012
0.0010025
0.000621551
7.59381e-05
0.000118797
0.00026865
0.00367524
0.00144267
1.56019e-05
0.000438225
0.000253182
0.000668785
0.00179637
0.00112906
8.30518e-05
0.00176343
0.000870726
5.77178e-05
0.00217358
0.00329299
0.00393951
0.00204356
0.00229381
0.000976067
0.00379851
0.00433016
0.00017203
0.00069647
4.75701e-05
0.000710282
0.00602832
0.00237022
0.00300889
0.00311832
0.00196627
0.00197041
0.00198559
0.00214041
0.00855338
0.00246997
0.000832103
0.00101473
0.00130841
0.0024607
0.00264109
0.000397908
0.00265832
0.000639608
0.000186443
0.00877848
0.000775401
0.00260417
0.00681913
0.00247582
0.00389839
0.00312108
0.00181915
0.000924874
0.00246523
0.000713901
0.000836982
0.000789201
0.000789962
0.00118187
0.00125154
0.00147468
0.000782763
0.000809244
0.000735868
0.00575285
0.00222878
0.00519562
0.000535298
0.000929637
0.000805962
0.00139826
0.000611129
0.00461154
0.000103328
0.00236836
0.000420605
0.0051782
0.000720472
0.00129915
0.00108735
0.000220955
0.001577
0.000344857
0.000891482
0.00149794
0.00303442
0.000934715
0.00104284
2.01064e-05
0.00142324
0.00125678
0.00497555
0.00221574
0.000261199
0.0047703
0.000877376
0.00317229
0.00417054
0.00184775
0.00196165
0.000769178
0.00105004
0.00507879
0.00178566
0.0025233
0.000550295
0.00184288
0.000827184
0.00191028
0.00140214
0.00105148
0.00141085
0.000832429
0.000998063
0.0023264
0.00155547
0.000268013
0.000172051
0.000290073
0.00938234
0.0151518
0.000173837
0.0020272
0.00130521
0.00103624
0.00111252
0.00626872
0.00522005
1.43551e-07
0.016204
0.000855091
0.00152909
0.00130307
0.00109056
0.00190281
0.000579732
0.0141848
0.001365
0.00147492
0.00168114
0.00230517
0.000442214
0.00520665
0.0128181
0.0108943
0.00153496
0.0012997
0.00026163
0.000492117
0.000773893
4.79408e-05
0.00578172
0.0133169
0.0133587
0.0106139
0.000775858
0.000566467
0.000820061
0.0028075
0.00982693
0.00981934
0.00186674
0.00432622
0.00140805
0.0014767
0.00080868
0.000287957
0.00275145
0.000149776
0.00147459
0.0110017
0.000880737
0.000191709
0.00174904
0.0022981
8.20994e-05
0.00185321
0.00318265
0.00218206
0.00764059
0.00618733
0.000378335
0.00210918
0.00308524
3.86481e-05
0.000496001
0.00105846
0.00200704
0.000662862
0.00197333
0.00202749
0.00218047
0.000758237
0.000103402
0.0043589
0.000964776
0.00204817
0.00112748
0.00242356
0.00147898
0.00200421
0.00207284
0.0019207
0.00218443
0.00318381
4.91152e-05
4.20002e-07
0.00223462
0.00263768
0.00102046
0.00102146
0.00107382
0.00154357
0.000127233
0.00234627
0.0011979
0.00112174
0.00149022
0.00115172
0.00321243
0.00267865
0.00141403
0.00102348
0.000394415
0.00122644
0.00125552
0.00133564
0.00293599
0.000528854
0.00162092
0.00146693
0.000942144
0.00239848
0.00199262
0.000709754
0.00317262
0.00154218
0.000700293
0.00155073
0.000509468
0.000402342
0.00142797
0.00126214
0.000827667
0.00155628
0.00234801
0.00245343
0.000376821
0.000558356
0.000566397
3.05147e-05
0.00121073
0.000226764
0.001043
0.00248965
0.00188055
0.00231581
0.00281614
0.00114826
0.00106064
0.00179071
0.00242923
0.000996759
0.000554431
0.00101553
0.00031451
0.000296249
0.000670523
0.00107609
8.18936e-05
0.00102983
0.00216389
0.000841459
0.000283692
0.0016009
0.000971237
0.000162885
9.02232e-05
0.00110979
0.000595997
0.00134476
0.000127677
0.000415295
0.000413365
0.00208535
0.00240301
0.00062856
0.0010588
0.00150246
0.00165606
0.00113715
0.00111129
0.0013554
0.000589283
0.000526855
0.00102348
0.00105921
0.00148293
0.000661688
0.00225592
0.00182735
0.000437785
0.000213191
0.000919654
4.36352e-05
0.000885218
0.000577721
0.00135488
5.19738e-05
0.00228984
7.57604e-05
0.00128784
0.00057581
0.00111791
0.00165182
0.000337819
0.00132185
0.000493056
0.000823771
0.000260187
0.000729055
0.00127284
0.000724305
0.0010698
0.000195116
0.00158645
0.00137644
0.00112616
0.00124158
0.00186774
0.00206452
0.000664649
5.98616e-05
0.000484773
0.00118546
0.00207767
0.000564391
3.23278e-05
0.00439564
0.00188066
0.00144658
0.00119738
0.00058904
0.00168555
0.000906502
0.00151315
0.00113961
0.0011571
0.00152117
0.00135375
0.0012328
0.00121285
0.00142197
0.00137617
0.000733446
0.000580424
0.00173703
0.00130491
0.00152925
0.00130059
0.00398089
0.000352506
0.00117551
0.000812733
0.00205639
0.00136066
0.00147207
0.00115172
0.001301
0.00116615
0.00144906
0.00089205
0.000975893
0.00137141
0.0012032
0.00113769
0.00138103
0.00186595
0.000171091
0.00111936
0.000883278
0.000862013
0.00212248
0.00163296
0.000973049
0.000463914
0.00168448
0.000774285
0.00102193
0.00109478
0.000560223
0.00121352
0.00158535
0.000211556
0.000766139
1.04232e-09
0.000940591
0.000246504
0.00121551
0.00107842
0.000857607
0.000643296
0.00197651
0.000446117
0.000612897
0.00151301
0.001242
0.0011907
0.00821677
0.000726726
0.00144394
0.00188185
0.000877631
0.00121543
0.00122708
0.000989758
0.00141718
0.0014879
0.00151994
0.000836657
0.00141156
0.00127817
0.000799983
0.000688233
0.000566372
0.000791911
0.000721064
0.000716305
0.00120658
0.00032007
0.000645256
0.00150048
0.00157545
0.00041541
0.00228468
0.00124786
0.00157178
0.000671633
0.00166801
0.00201983
0.000280564
0.000182661
9.21001e-05
0.000601891
0.00255055
0.00100623
0.00100618
0.000326585
0.00141007
0.00232205
0.00155619
0.0090597
0.00110694
0.000371434
0.000956925
0.00164172
0.00224931
0.00957224
0.00167403
0.000840284
0.0026762
0.000932817
0.000813919
0.00015905
0.000737069
0.00164683
0.00292647
0.000497993
0.000280546
0.0015697
0.00143282
0.000963596
0.00139371
0.000880567
0.000516312
0.000669826
0.000712251
0.00114881
0.000748289
0.000571478
0.00107619
0.000628714
0.00243309
0.00121602
0.00104308
0.00171395
0.00177359
0.00145531
0.00164307
0.00177515
0.00143766
0.00235345
0.000731131
0.000841312
0.00105381
0.000942209
0.00156188
0.000714784
0.00110447
0.000276404
9.21735e-05
3.24588e-05
0.00108131
0.00118942
0.000703911
0.00909593
0.00152287
0.00161127
0.000446194
0.00228339
0.00539056
0.000380975
0.00134829
0.000959692
0.000988191
0.000580815
0.00174339
0.00209535
7.38846e-05
0.000156207
0.000728071
0.00101391
0.00153571
0.00182187
0.000540773
0.000484852
0.0002874
0.000774105
0.000680345
0.0027084
0.000454987
0.00105091
0.00181436
0.000252165
0.000943659
0.000531624
0.000547964
0.00149742
0.00168131
0.00129925
0.000648696
0.00365889
0.00148167
0.00107601
0.000252273
0.000586164
0.00097489
0.00096479
0.000810759
0.000365923
0.00216847
0.00264737
0.00222492
0.00182101
0.00146755
0.0016078
0.000774858
0.000925421
0.0012192
0.00227688
0.00164685
0.00042927
0.000615822
0.00147512
0.00145908
0.00132738
0.000592333
0.000436829
0.000431565
0.00106785
0.00127418
0.0018757
0.000318512
0.00192632
0.00206029
0.00143994
0.00170381
0.00102426
0.000907439
0.00106182
0.00364694
0.000716071
0.000830943
0.0088096
0.00189861
0.000947542
0.001174
0.00168006
0.00105621
0.00116631
0.000782862
0.000818921
0.00813635
0.00266848
0.00249499
0.00150541
0.000952129
1.45609e-05
0.00629575
0.000944809
0.00121686
0.000946551
0.00104364
0.00124645
0.000978777
0.00214827
0.00406426
0.0021679
0.00168814
0.00251103
0.00167307
0.00159941
0.00214775
0.000889564
0.000902381
0.000953031
0.00139744
0.000858761
0.000875954
0.00140486
0.00196762
0.000257677
0.00189792
0.000919473
0.00161445
0.00167192
0.00139618
0.000803679
0.00088295
0.00130342
0.00124537
0.00270642
0.00133582
0.00162204
0.00072859
0.000858483
0.00128048
0.001513
0.00018554
0.00238108
0.000950471
0.0020591
0.00133219
0.000395105
0.000692193
0.00203541
0.00214798
0.00155364
0.00206187
0.00145909
0.00285389
0.00257401
0.00122956
0.0012472
0.00334042
0.00251772
0.00218172
0.00230365
0.00254075
0.0030363
0.00115968
0.00136201
0.000479674
0.000676182
0.000723761
0.000858508
0.00105561
0.00165771
0.00115981
0.000225863
0.00053125
0.00294677
0.00249419
0.000564973
0.000562263
0.00110343
0.0025967
0.00220584
0.00106185
0.000920064
0.000786196
0.000710332
0.000624531
0.000493381
0.00110146
0.00209308
0.00012709
0.00164166
0.00267312
0.00204492
0.00226608
0.000672855
0.00329489
0.000921768
0.000331228
0.00206059
0.00218113
0.000423475
0.000429655
0.000658866
0.000714186
0.000859991
0.000646131
0.00148294
0.0013545
0.000904351
0.00056364
0.000477159
0.000478412
0.000831864
0.00278711
0.00282093
0.00281906
0.00187693
0.00103594
0.00143968
0.00152193
0.000101887
0.000863385
0.000744019
0.00196456
0.00142291
0.000420176
0.00125137
0.00064911
0.00175704
0.00161933
0.00143107
0.000354094
0.000461802
0.00121263
0.000857566
0.000499281
0.000307771
0.00112569
0.00186676
0.000669202
0.00131164
0.000211297
0.000461735
0.00230764
0.00108984
0.00220567
0.00170425
0.00242173
0.00030192
0.000101538
0.00125286
0.00185218
0.00171677
0.000755679
0.000822818
0.00290498
0.000499468
0.000572205
0.00137584
0.00110673
0.000392252
0.000695917
0.00075865
0.000760588
0.00111585
0.00148797
0.000300529
0.000629321
0.00167972
0.00145276
0.000925249
0.000672668
0.000734348
0.000738179
0.000905999
0.00141071
0.00277009
0.000909273
0.000343275
0.000843503
0.00111711
0.00146743
0.00111611
0.00199663
0.00200113
0.0028036
0.00239897
0.000904461
0.00202996
0.00174593
0.000565657
0.00055302
0.000404653
0.0029057
0.00280138
0.00279859
0.00239751
0.00191205
8.68616e-05
0.000447786
0.000628458
0.000643552
0.000823392
0.00135774
0.00162435
0.00168365
0.00119061
0.00239344
0.00187741
0.000392285
0.000991523
0.000540065
0.00139776
0.0010869
0.00280861
0.00140305
0.00191515
0.00116282
0.000308235
0.00148405
0.00138833
0.00131523
0.00161035
0.000532732
6.66986e-05
0.000622236
0.00150463
0.000740807
0.00147208
0.0014769
0.00137144
0.000440302
0.0027102
0.0021534
0.00153582
0.00144163
0.00143163
0.00128908
0.00173921
0.00240972
0.0014608
0.00145995
0.000884781
0.000650869
1.75982e-06
0.00125
0.00143169
0.00158586
0.00137056
0.00161443
0.00160243
0.00107598
0.00115614
0.000998071
0.00125464
0.00164153
0.00147139
0.0014888
0.00108038
0.000289572
0.000999231
0.00131097
0.000128523
0.00148534
0.00125482
0.000916131
2.49194e-09
0.000805071
0.00132224
0.00172669
0.0015422
0.00215339
0.000808355
0.00148509
0.00149705
0.00152237
0.00194742
0.00203002
0.00199213
0.00216746
0.00177006
0.000881725
0.00139369
0.00167128
0.00164514
0.00158373
0.00219191
0.000131007
0.000554909
0.00219286
0.00146495
0.00056147
0.00164384
0.0017141
0.00163683
0.00201701
0.00124695
0.00124424
0.00129234
0.00116164
0.000703255
0.00141497
0.00175376
0.00102016
0.00137181
0.00157288
0.00346554
0.00125588
0.000631441
0.00117326
0.00153937
0.001238
0.00085737
0.00254986
0.000911364
0.00139605
0.000776441
0.000937093
0.000932181
0.000360049
0.000547982
0.00190531
0.00303658
0.000590286
0.00109761
0.00774455
0.000867991
0.000904108
0.00092983
0.000469057
0.00166962
0.00566048
0.00904906
0.00102745
0.0010882
0.000776179
0.000543681
0.00152085
0.00205737
0.000924855
0.000979703
0.000341547
0.000284395
0.000273425
0.00115557
0.00946008
0.00128462
0.00933132
0.00286174
0.000580489
0.00188188
0.00193577
0.0112305
0.000790033
0.00122729
0.00177983
0.00644401
0.000350384
0.0017282
0.00122737
0.00131886
0.00163986
0.00256515
0.00939315
0.0121353
0.00301033
0.000309864
0.00188182
0.0016011
0.00241996
0.0179734
0.0123731
0.000384735
0.001686
0.00196793
0.00292085
0.0101345
0.00168975
0.00145885
0.001686
0.00225901
0.00242267
0.00126727
0.0208751
0.000749157
0.00110062
0.00210566
0.00223753
0.00407299
0.0175195
0.0139485
0.00166557
0.00176493
0.0018818
0.00183372
0.00225143
0.0125396
0.0140511
0.0174393
0.0202024
0.00156369
0.00290943
0.00341666
0.018681
0.0125124
0.00164134
0.0023454
0.00325681
0.01084
0.0136174
0.00230139
0.00171772
0.00278065
0.00141618
0.00345264
0.0181764
0.0186815
0.000846864
0.000984546
0.000656401
0.000277287
0.000796154
0.002279
0.00236933
0.0100225
0.00544864
0.00121293
0.000171143
0.00300108
0.000975766
0.0031868
0.0165204
0.00159567
0.0067225
0.00169002
0.000462939
0.00104853
0.0175135
0.0182182
0.000149663
0.00707075
0.00707208
0.000746703
0.000643835
0.0164472
0.0178015
0.00556396
0.00400328
0.00264516
0.00192828
0.00185125
0.0052282
0.00625191
0.00136885
0.000670621
0.000918293
0.000875765
0.00166512
0.00444314
0.000144829
0.0014653
0.00104837
0.00662635
0.0173177
0.0064766
0.000286257
0.000964736
0.000856712
0.000429084
0.00175269
0.000798257
0.0077302
0.00653671
0.0074291
0.00292806
0.00623291
0.000640312
0.000499767
0.000193681
0.000875187
6.18968e-05
0.00636464
0.000520183
0.00550476
0.000301664
0.0161681
0.00565588
0.0043365
0.00291881
0.000651445
0.00475224
0.000301123
0.00555206
0.000819242
1.47362e-06
0.000605989
0.00236409
0.000979678
0.00830956
0.00344063
0.00131707
0.00117118
0.00129403
0.000910066
0.000212674
0.000653461
0.00010023
0.00011033
0.00158651
0.00704208
0.00152469
0.000552152
0.0124208
0.00282522
0.00143447
0.00456765
0.00431847
0.00539161
0.0014208
0.00138064
0.00149944
0.00111792
0.000370351
0.00893799
0.00404094
0.00134101
0.00160308
0.00470716
0.000383139
0.000711436
0.00131577
0.00414255
0.00370647
0.000365598
0.00055273
0.00224732
0.000168043
0.00177898
0.00291895
0.000401245
0.00239023
0.00324784
5.84779e-05
0.00035938
0.00203666
0.00373346
0.00476494
0.00369602
0.000135694
0.00215764
0.00241353
0.0065917
0.00458533
0.000561709
0.000708203
0.00406481
2.23005e-05
0.00129385
0.00101278
0.00123798
0.000136644
0.00577813
0.00174464
0.000120134
0.000814768
0.00196686
0.00061304
0.00275888
0.00534325
0.00100317
0.00101735
0.000138032
0.00148811
0.000313536
0.000397322
0.000306735
0.00279325
0.000881919
0.00344286
0.00192897
0.00172666
0.000381925
0.000629923
0.000650509
3.22467e-05
0.000772155
0.00208098
0.00114415
0.00066795
0.001578
0.000324382
0.00195451
0.00139651
0.00169599
0.000814255
0.00195853
0.00181157
0.000675073
0.00201444
0.00206428
0.000841015
0.00179756
0.000894987
0.000993054
0.00139745
0.00175703
0.00197167
0.000663957
0.000436612
0.000758746
0.000874959
0.000661206
0.00183219
0.0015209
0.000337395
0.00161346
0.00139646
0.0013127
0.00048406
0.00208081
0.00195214
0.00092021
0.00154722
0.00114658
0.000382119
0.00183001
0.00100347
0.00258006
